// Jest Snapshot v1, https://goo.gl/fbAQLP

exports[`matches snapshot 1`] = `
<DocumentFragment>
  <h1>
    To do list
  </h1>
  <form>
    <label
      for="todo"
    >
      Todo:
    </label>
    <input
      id="todo"
      name="todo"
      value=""
    />
    <button>
      Add
    </button>
  </form>
  <ul />
</DocumentFragment>
`;
